// Jest Snapshot v1, https://goo.gl/fbAQLP

exports[`Absolute renders without error 1`] = `
.css-0,
[data-css-0] {
  position: absolute;
  top: 3px;
  right: 1px;
  left: 2px;
}

.css-1,
[data-css-1] {
  box-sizing: border-box;
  flex: 0 0 auto;
  -webkit-flex: 0 0 auto;
}

<div
  data-css-0=""
  data-css-1=""
/>
`;
