// Jest Snapshot v1, https://goo.gl/fbAQLP

exports[`Line renders correctly 1`] = `
.css-0,
[data-css-0] {
  background-color: #42e453;
  height: 1px;
  width: 100%;
}

.css-1,
[data-css-1] {
  box-sizing: border-box;
  align-content: center;
  align-items: center;
  display: -webkit-box;
  display: -moz-box;
  display: -ms-flexbox;
  display: -webkit-flex;
  display: flex;
  flex-direction: column;
  justify-content: center;
  flex: 0 0 auto;
  -webkit-align-content: center;
  -webkit-box-align: center;
  -webkit-align-items: center;
  -webkit-box-orient: vertical;
  -webkit-box-direction: normal;
  -webkit-flex-direction: column;
  -webkit-box-pack: center;
  -webkit-justify-content: center;
  -webkit-flex: 0 0 auto;
}

<div
  data-css-0=""
  data-css-1=""
/>
`;

exports[`Line renders in different color 1`] = `
.css-0,
[data-css-0] {
  box-sizing: border-box;
  align-content: center;
  align-items: center;
  display: -webkit-box;
  display: -moz-box;
  display: -ms-flexbox;
  display: -webkit-flex;
  display: flex;
  flex-direction: column;
  justify-content: center;
  flex: 0 0 auto;
  -webkit-align-content: center;
  -webkit-box-align: center;
  -webkit-align-items: center;
  -webkit-box-orient: vertical;
  -webkit-box-direction: normal;
  -webkit-flex-direction: column;
  -webkit-box-pack: center;
  -webkit-justify-content: center;
  -webkit-flex: 0 0 auto;
}

.css-1,
[data-css-1] {
  background-color: #e84c3d;
  height: 1px;
  width: 100%;
}

<div
  data-css-1=""
  data-css-0=""
/>
`;
