// Jest Snapshot v1, https://goo.gl/fbAQLP

exports[`Input component Collapsible renders properly 1`] = `
.css-tziwal,
[data-css-tziwal] {
  border-bottom: 1px solid #ecf0f1;
  width: 100%;
}

.css-4bx01r,
[data-css-4bx01r] {
  background-color: white;
  cursor: pointer;
}

.css-1eav4r6,
[data-css-1eav4r6] {
  height: 50px;
  padding: 0 20px;
  width: calc(100% - 50px);
}

.css-1di7qz,
[data-css-1di7qz] {
  width: 50px;
  height: 50px;
}

.css-1l7pri3,
[data-css-1l7pri3] {
  padding: 3px 5px 8px 5px;
  border-radius: 2px;
  outline: none;
}

.css-1l7pri3:focus,
[data-css-1l7pri3]:focus,
.css-1l7pri3[data-simulate-focus],
[data-css-1l7pri3][data-simulate-focus] {
  border: 2px solid rgba(89, 186, 247, 0.5);
}

.css-dbct2k,
[data-css-dbct2k] {
  transition-property: height;
  transition: height 200ms cubic-bezier(0.4, 0, 0.2, 1) 0ms;
  overflow: hidden;
  transform-origin: top;
  -webkit-transition-property: height;
  -moz-transition-property: height;
  -webkit-transition: height 200ms cubic-bezier(0.4, 0, 0.2, 1) 0ms;
  -moz-transition: height 200ms cubic-bezier(0.4, 0, 0.2, 1) 0ms;
  -webkit-transform-origin: top;
}

.css-iar4wy,
[data-css-iar4wy] {
  box-sizing: border-box;
  align-content: stretch;
  align-items: stretch;
  display: -webkit-box;
  display: -moz-box;
  display: -ms-flexbox;
  display: -webkit-flex;
  display: flex;
  flex-direction: column;
  justify-content: flex-start;
  flex: 0 0 auto;
  -webkit-align-content: stretch;
  -webkit-box-align: stretch;
  -webkit-align-items: stretch;
  -webkit-box-orient: vertical;
  -webkit-box-direction: normal;
  -webkit-flex-direction: column;
  -webkit-box-pack: start;
  -webkit-justify-content: flex-start;
  -webkit-flex: 0 0 auto;
}

.css-f86ip,
[data-css-f86ip] {
  box-sizing: border-box;
  align-content: stretch;
  align-items: stretch;
  display: -webkit-box;
  display: -moz-box;
  display: -ms-flexbox;
  display: -webkit-flex;
  display: flex;
  flex-direction: row;
  justify-content: space-between;
  cursor: pointer;
  flex: 0 0 auto;
  -webkit-align-content: stretch;
  -webkit-box-align: stretch;
  -webkit-align-items: stretch;
  -webkit-box-orient: horizontal;
  -webkit-box-direction: normal;
  -webkit-flex-direction: row;
  -webkit-box-pack: justify;
  -webkit-justify-content: space-between;
  -webkit-flex: 0 0 auto;
}

.css-h7582n,
[data-css-h7582n] {
  box-sizing: border-box;
  align-content: center;
  align-items: center;
  display: -webkit-box;
  display: -moz-box;
  display: -ms-flexbox;
  display: -webkit-flex;
  display: flex;
  flex-direction: row;
  justify-content: flex-start;
  flex: 0 0 auto;
  -webkit-align-content: center;
  -webkit-box-align: center;
  -webkit-align-items: center;
  -webkit-box-orient: horizontal;
  -webkit-box-direction: normal;
  -webkit-flex-direction: row;
  -webkit-box-pack: start;
  -webkit-justify-content: flex-start;
  -webkit-flex: 0 0 auto;
}

.css-rbl5we,
[data-css-rbl5we] {
  display: block;
  font-family: "Open Sans", Helvetica, Arial, sans-serif;
  font-weight: 600;
  font-size: 14px;
  -webkit-font-smoothing: antialiased;
  -moz-osx-font-smoothing: grayscale;
  color: #333333;
}

.css-4p3ux5,
[data-css-4p3ux5] {
  box-sizing: border-box;
  flex: 0 0 auto;
  -webkit-flex: 0 0 auto;
}

.css-1wp5mix,
[data-css-1wp5mix] {
  box-sizing: border-box;
  align-content: center;
  align-items: center;
  display: -webkit-box;
  display: -moz-box;
  display: -ms-flexbox;
  display: -webkit-flex;
  display: flex;
  flex-direction: row;
  justify-content: center;
  flex: 0 0 auto;
  -webkit-align-content: center;
  -webkit-box-align: center;
  -webkit-align-items: center;
  -webkit-box-orient: horizontal;
  -webkit-box-direction: normal;
  -webkit-flex-direction: row;
  -webkit-box-pack: center;
  -webkit-justify-content: center;
  -webkit-flex: 0 0 auto;
}

<div
  data-css-iar4wy=""
  data-css-tziwal=""
>
  <div
    data-css-4bx01r=""
    data-css-f86ip=""
    onClick={[Function]}
  >
    <div
      data-css-1eav4r6=""
      data-css-h7582n=""
    >
      <div
        data-css-4p3ux5=""
        data-css-rbl5we=""
        style={
          Object {
            "overflow": "hidden",
            "textOverflow": "ellipsis",
            "whiteSpace": "nowrap",
            "width": "100%",
          }
        }
      >
        string
      </div>
    </div>
    <div
      data-css-1di7qz=""
      data-css-1wp5mix=""
    >
      <div
        data-css-1l7pri3=""
        data-css-4p3ux5=""
        onKeyPress={[Function]}
        tabIndex={1}
      >
        <div
          dangerouslySetInnerHTML={
            Object {
              "__html": undefined,
            }
          }
          data-css-4p3ux5=""
          size={10}
          style={
            Object {
              "fill": "lightGreyIntense",
              "height": 10,
              "stroke": false,
              "width": 10,
            }
          }
        />
      </div>
    </div>
  </div>
  <div
    data-css-4p3ux5=""
    data-css-dbct2k=""
  >
    <p>
      Test child
    </p>
  </div>
</div>
`;
