// Jest Snapshot v1, https://goo.gl/fbAQLP

exports[`Test the editable text component should be editable 1`] = `
.css-0,
[data-css-0] {
  margin-left: 4px;
}

.css-1,
[data-css-1] {
  border-bottom: 1px dashed #95a5a5;
}

.css-1:focus,
[data-css-1]:focus {
  border-bottom: 1px solid #95a5a5;
}

.css-3,
[data-css-3] {
  box-sizing: border-box;
  align-content: center;
  align-items: center;
  display: -webkit-box;
  display: -moz-box;
  display: -ms-flexbox;
  display: -webkit-flex;
  display: flex;
  flex-direction: row;
  justify-content: flex-start;
  flex: 0 0 auto;
  -webkit-align-content: center;
  -webkit-box-align: center;
  -webkit-align-items: center;
  -webkit-box-orient: horizontal;
  -webkit-box-direction: normal;
  -webkit-flex-direction: row;
  -webkit-box-pack: start;
  -webkit-justify-content: flex-start;
  -webkit-flex: 0 0 auto;
}

.css-4,
[data-css-4] {
  display: block;
  font-family: "Open Sans", Helvetica, Arial, sans-serif;
  font-size: 14px;
  -webkit-font-smoothing: antialiased;
  -moz-osx-font-smoothing: grayscale;
  color: #333333;
}

.css-5,
[data-css-5] {
  box-sizing: border-box;
  flex: 0 0 auto;
  -webkit-flex: 0 0 auto;
}

<div
  data-css-3=""
>
  <div
    contentEditable={true}
    data-css-1=""
    data-css-4=""
    data-css-5=""
    onKeyPress={[Function]}
    spellCheck={false}
    suppressContentEditableWarning={true}
  >
    Edit me!
  </div>
  <div
    data-css-5=""
  >
    <div
      dangerouslySetInnerHTML={
        Object {
          "__html": undefined,
        }
      }
      data-css-0=""
      data-css-5=""
      style={
        Object {
          "fill": false,
          "height": 12,
          "stroke": "#000000",
          "width": 12,
        }
      }
    />
  </div>
</div>
`;

exports[`Test the editable text component should be using a custom decoration color 1`] = `
Snapshot Diff:
- First value
+ Second value

@@ -3,20 +3,10 @@
    margin-left: 4px;
  }
  
  .css-1,
  [data-css-1] {
-   border-bottom: 1px dashed #95a5a5;
- }
- 
- .css-1:focus,
- [data-css-1]:focus {
-   border-bottom: 1px solid #95a5a5;
- }
- 
- .css-3,
- [data-css-3] {
    box-sizing: border-box;
    align-content: center;
    align-items: center;
    display: -webkit-box;
    display: -moz-box;
@@ -35,44 +25,54 @@
    -webkit-box-pack: start;
    -webkit-justify-content: flex-start;
    -webkit-flex: 0 0 auto;
  }
  
- .css-4,
- [data-css-4] {
+ .css-2,
+ [data-css-2] {
    display: block;
    font-family: "Open Sans", Helvetica, Arial, sans-serif;
    font-size: 14px;
    -webkit-font-smoothing: antialiased;
    -moz-osx-font-smoothing: grayscale;
    color: #333333;
  }
  
- .css-5,
- [data-css-5] {
+ .css-3,
+ [data-css-3] {
    box-sizing: border-box;
    flex: 0 0 auto;
    -webkit-flex: 0 0 auto;
+ }
+ 
+ .css-4,
+ [data-css-4] {
+   border-bottom: 1px dashed #e84c3d;
  }
  
+ .css-4:focus,
+ [data-css-4]:focus {
+   border-bottom: 1px solid #e84c3d;
+ }
+ 
  <div
-   data-css-3=""
+   data-css-1=""
  >
    <div
      contenteditable="true"
-     data-css-1=""
+     data-css-2=""
      data-css-4=""
-     data-css-5=""
+     data-css-3=""
      spellcheck="false"
    >
      Edit me!
    </div>
    <div
-     data-css-5=""
+     data-css-3=""
    >
      <div
        data-css-0=""
-       data-css-5=""
+       data-css-3=""
        style="width: 12px; height: 12px; stroke: #000000;"
      />
    </div>
  </div>
`;

exports[`Test the editable text component should be using a custom icon 1`] = `
.css-0,
[data-css-0] {
  margin-left: 4px;
}

.css-1,
[data-css-1] {
  border-bottom: 1px dashed #95a5a5;
}

.css-1:focus,
[data-css-1]:focus {
  border-bottom: 1px solid #95a5a5;
}

<View
  alignH="start"
  alignV="center"
  direction="row"
  fill={false}
  flex="none"
  htmlElement="div"
  onRef={[Function]}
>
  <Text
    block={true}
    color="text"
    contentEditable={true}
    data-css-1=""
    onKeyPress={[Function]}
    size="l"
    spellCheck={false}
    suppressContentEditableWarning={true}
  >
    Edit me!
  </Text>
  <View
    alignH="start"
    alignV="stretch"
    fill={false}
    flex="none"
    htmlElement="div"
    onRef={[Function]}
  >
    <Icon
      color="#000000"
      data-css-0=""
      name="view"
      size={12}
    />
  </View>
</View>
`;

exports[`Test the editable text component should be using a custom icon color 1`] = `
.css-0,
[data-css-0] {
  margin-left: 4px;
}

.css-1,
[data-css-1] {
  border-bottom: 1px dashed #95a5a5;
}

.css-1:focus,
[data-css-1]:focus {
  border-bottom: 1px solid #95a5a5;
}

<View
  alignH="start"
  alignV="center"
  direction="row"
  fill={false}
  flex="none"
  htmlElement="div"
  onRef={[Function]}
>
  <Text
    block={true}
    color="text"
    contentEditable={true}
    data-css-1=""
    onKeyPress={[Function]}
    size="l"
    spellCheck={false}
    suppressContentEditableWarning={true}
  >
    Edit me!
  </Text>
  <View
    alignH="start"
    alignV="stretch"
    fill={false}
    flex="none"
    htmlElement="div"
    onRef={[Function]}
  >
    <Icon
      color="#e84c3d"
      data-css-0=""
      name="view"
      size={12}
    />
  </View>
</View>
`;
