// Jest Snapshot v1, https://goo.gl/fbAQLP

exports[`Test the editable text component should be a simple static one 1`] = `
.css-0,
[data-css-0] {
  margin-left: 4px;
}

.css-1,
[data-css-1] {
  border-bottom: 1px dashed #95a5a5;
}

.css-1:focus,
[data-css-1]:focus,
.css-1[data-simulate-focus],
[data-css-1][data-simulate-focus] {
  border-bottom: 1px solid #95a5a5;
}

.css-5,
[data-css-5] {
  box-sizing: border-box;
  align-content: center;
  align-items: center;
  display: -webkit-box;
  display: -moz-box;
  display: -ms-flexbox;
  display: -webkit-flex;
  display: flex;
  flex-direction: row;
  justify-content: flex-start;
  flex: 0 0 auto;
  -webkit-align-content: center;
  -webkit-box-align: center;
  -webkit-align-items: center;
  -webkit-box-orient: horizontal;
  -webkit-box-direction: normal;
  -webkit-flex-direction: row;
  -webkit-box-pack: start;
  -webkit-justify-content: flex-start;
  -webkit-flex: 0 0 auto;
}

.css-6,
[data-css-6] {
  display: block;
  font-family: "Open Sans", Helvetica, Arial, sans-serif;
  font-size: 14px;
  -webkit-font-smoothing: antialiased;
  -moz-osx-font-smoothing: grayscale;
  color: #333333;
}

.css-7,
[data-css-7] {
  box-sizing: border-box;
  flex: 0 0 auto;
  -webkit-flex: 0 0 auto;
}

<div
  data-css-5=""
>
  <div
    contentEditable={true}
    data-css-1=""
    data-css-6=""
    data-css-7=""
    onKeyPress={[Function]}
    spellCheck={false}
    suppressContentEditableWarning={true}
  >
    Edit me!
  </div>
  <div
    data-css-7=""
  >
    <div
      dangerouslySetInnerHTML={
        Object {
          "__html": undefined,
        }
      }
      data-css-0=""
      data-css-7=""
      size={12}
      style={
        Object {
          "fill": false,
          "height": 12,
          "stroke": "#000000",
          "width": 12,
        }
      }
    />
  </div>
</div>
`;
