// Jest Snapshot v1, https://goo.gl/fbAQLP

exports[`Profile image stack renders correctly 1`] = `
.css-0,
[data-css-0] {
  width: 100%;
  height: 100%;
}

.css-1,
[data-css-1] {
  cursor: pointer;
  padding-left: 6px;
}

.css-2,
[data-css-2] {
  border: 1px solid #fff;
  border-width: 1px;
  position: relative;
  margin-left: -6px;
}

.css-3,
[data-css-3] {
  box-sizing: border-box;
  align-content: center;
  align-items: center;
  display: -webkit-box;
  display: -moz-box;
  display: -ms-flexbox;
  display: -webkit-flex;
  display: flex;
  flex-direction: row-reverse;
  justify-content: flex-end;
  flex: 0 0 auto;
  -webkit-align-content: center;
  -webkit-box-align: center;
  -webkit-align-items: center;
  -webkit-box-orient: horizontal;
  -webkit-box-direction: reverse;
  -webkit-flex-direction: row-reverse;
  -webkit-box-pack: end;
  -webkit-justify-content: flex-end;
  -webkit-flex: 0 0 auto;
}

.css-4,
[data-css-4] {
  display: block;
  font-family: "Open Sans", Helvetica, Arial, sans-serif;
  font-size: 10px;
  -webkit-font-smoothing: antialiased;
  -moz-osx-font-smoothing: grayscale;
  color: grey;
}

.css-5,
[data-css-5] {
  box-sizing: border-box;
  flex: 0 0 auto;
  -webkit-flex: 0 0 auto;
}

.css-6,
[data-css-6] {
  border-radius: 50%;
  overflow: hidden;
  flex-shrink: 0;
  width: 18px;
  height: 18px;
  -webkit-flex-shrink: 0;
}

.css-7,
[data-css-7] {
  background-image: url(https://placeimg.com/100/100/people?0);
  background-size: contain;
}

.css-8,
[data-css-8] {
  background-image: url(https://placeimg.com/100/100/people?1);
  background-size: contain;
}

.css-9,
[data-css-9] {
  background-image: url(https://placeimg.com/100/100/people?2);
  background-size: contain;
}

.css-10,
[data-css-10] {
  background-image: url(https://placeimg.com/100/100/people?3);
  background-size: contain;
}

.css-11,
[data-css-11] {
  background-image: url(https://placeimg.com/100/100/people?4);
  background-size: contain;
}

.css-12,
[data-css-12] {
  background-image: url(https://placeimg.com/100/100/people?5);
  background-size: contain;
}

<div
  data-css-3=""
  data-css-1=""
>
  <div
    data-css-4=""
    data-css-5=""
    style={
      Object {
        "paddingLeft": 5,
      }
    }
  >
    + 1 other
  </div>
  <div
    data-css-6=""
    data-css-5=""
    data-css-2=""
  >
    <div
      alt=""
      data-css-7=""
      data-css-0=""
      data-css-5=""
    />
  </div>
  <div
    data-css-6=""
    data-css-5=""
    data-css-2=""
  >
    <div
      alt=""
      data-css-0=""
      data-css-5=""
      data-css-8=""
    />
  </div>
  <div
    data-css-6=""
    data-css-5=""
    data-css-2=""
  >
    <div
      alt=""
      data-css-0=""
      data-css-5=""
      data-css-9=""
    />
  </div>
  <div
    data-css-6=""
    data-css-5=""
    data-css-2=""
  >
    <div
      alt=""
      data-css-0=""
      data-css-5=""
      data-css-10=""
    />
  </div>
  <div
    data-css-6=""
    data-css-5=""
    data-css-2=""
  >
    <div
      alt=""
      data-css-0=""
      data-css-5=""
      data-css-11=""
    />
  </div>
  <div
    data-css-6=""
    data-css-5=""
    data-css-2=""
  >
    <div
      alt=""
      data-css-0=""
      data-css-5=""
      data-css-12=""
    />
  </div>
</div>
`;
