// Jest Snapshot v1, https://goo.gl/fbAQLP

exports[`color passed down to ListSpinner correctly 1`] = `
.css-0,
[data-css-0] {
  box-sizing: border-box;
  align-content: stretch;
  align-items: stretch;
  display: -webkit-box;
  display: -moz-box;
  display: -ms-flexbox;
  display: -webkit-flex;
  display: flex;
  flex-direction: row;
  justify-content: center;
  flex: 0 0 auto;
  -webkit-align-content: stretch;
  -webkit-box-align: stretch;
  -webkit-align-items: stretch;
  -webkit-box-orient: horizontal;
  -webkit-box-direction: normal;
  -webkit-flex-direction: row;
  -webkit-box-pack: center;
  -webkit-justify-content: center;
  -webkit-flex: 0 0 auto;
}

.css-1,
[data-css-1] {
  background-color: white;
  border-radius: 50%;
  height: 50px;
  width: 50px;
  transition: background-color 120ms linear;
  -webkit-transition: background-color 120ms linear;
  -moz-transition: background-color 120ms linear;
}

.css-2,
[data-css-2] {
  box-sizing: border-box;
  align-content: center;
  align-items: center;
  display: -webkit-box;
  display: -moz-box;
  display: -ms-flexbox;
  display: -webkit-flex;
  display: flex;
  flex-direction: column;
  justify-content: center;
  flex: 0 0 auto;
  -webkit-align-content: center;
  -webkit-box-align: center;
  -webkit-align-items: center;
  -webkit-box-orient: vertical;
  -webkit-box-direction: normal;
  -webkit-flex-direction: column;
  -webkit-box-pack: center;
  -webkit-justify-content: center;
  -webkit-flex: 0 0 auto;
}

<div
  data-css-0=""
>
  <div
    data-css-1=""
    data-css-2=""
  >
    <svg
      height={40}
      preserveAspectRatio="xMidYMid"
      viewBox="0 0 100 100"
      width={40}
      xmlns="http://www.w3.org/2000/svg"
    >
      <rect
        fill="none"
        height="100"
        width="100"
        x="0"
        y="0"
      />
      <circle
        cx="50"
        cy="50"
        fill="none"
        r="40"
        stroke="#ffffff"
        strokeLinecap="round"
        strokeWidth="10"
      />
      <circle
        cx="50"
        cy="50"
        fill="none"
        r="40"
        stroke="#000000"
        strokeLinecap="round"
        strokeWidth="8"
      >
        <animate
          attributeName="stroke-dashoffset"
          dur="2s"
          from="0"
          repeatCount="indefinite"
          to="502"
        />
        <animate
          attributeName="stroke-dasharray"
          dur="2s"
          repeatCount="indefinite"
          values="125.5 125.5;1 250;125.5 125.5"
        />
      </circle>
    </svg>
  </div>
</div>
`;
