// Jest Snapshot v1, https://goo.gl/fbAQLP

exports[`HorizontalView behaviors should render non-arrays 1`] = `
.css-0,
[data-css-0] {
  overflow: hidden;
}

.css-1,
[data-css-1] {
  transform: translate3d(-100%, 0, 0);
  transition: .5s;
  -webkit-transform: translate3d(-100%, 0, 0);
  -webkit-transition: .5s;
  -moz-transition: .5s;
}

.css-2,
[data-css-2] {
  width: 100%;
}

<ForwardRef
  data-css-0=""
  flex="flex"
>
  <ForwardRef
    data-css-1=""
    direction="row"
    flex="flex"
    id="horizontal"
    onTransitionEnd={[Function]}
  >
    <ForwardRef
      data-css-2=""
      direction="column"
      flex="none"
    >
      <Text
        id="first"
      >
        Text 1
      </Text>
    </ForwardRef>
    <ForwardRef
      data-css-2=""
      direction="column"
      flex="none"
    >
      <Text
        id="second"
      >
        Text 2
      </Text>
    </ForwardRef>
  </ForwardRef>
</ForwardRef>
`;

exports[`HorizontalView behaviors should render with array too 1`] = `
.css-0,
[data-css-0] {
  overflow: hidden;
}

.css-1,
[data-css-1] {
  transform: translate3d(-100%, 0, 0);
  transition: .5s;
  -webkit-transform: translate3d(-100%, 0, 0);
  -webkit-transition: .5s;
  -moz-transition: .5s;
}

.css-2,
[data-css-2] {
  width: 100%;
}

<ForwardRef
  data-css-0=""
  flex="flex"
>
  <ForwardRef
    data-css-1=""
    direction="row"
    flex="flex"
    onTransitionEnd={[Function]}
  >
    <ForwardRef
      data-css-2=""
      direction="column"
      flex="none"
    >
      <Text
        id="first"
      >
        Text 1
      </Text>
    </ForwardRef>
    <ForwardRef
      data-css-2=""
      direction="column"
      flex="none"
    >
      <Text
        id="second"
      >
        Text 2
      </Text>
    </ForwardRef>
  </ForwardRef>
</ForwardRef>
`;
