// Jest Snapshot v1, https://goo.gl/fbAQLP

exports[`Calendar should render calendar 1`] = `
<div>
  <div
    class="react-calendar"
  >
    <div
      class="react-calendar__navigation"
      style="display: flex;"
    >
      <button
        aria-label=""
        class="react-calendar__navigation__arrow react-calendar__navigation__prev2-button"
        type="button"
      >
        «
      </button>
      <button
        aria-label=""
        class="react-calendar__navigation__arrow react-calendar__navigation__prev-button"
        type="button"
      >
        ‹
      </button>
      <button
        aria-label=""
        class="react-calendar__navigation__label"
        style="flex-grow: 1;"
        type="button"
      >
        January 2020
      </button>
      <button
        aria-label=""
        class="react-calendar__navigation__arrow react-calendar__navigation__next-button"
        type="button"
      >
        ›
      </button>
      <button
        aria-label=""
        class="react-calendar__navigation__arrow react-calendar__navigation__next2-button"
        type="button"
      >
        »
      </button>
    </div>
    <div
      class="react-calendar__viewContainer"
    >
      <div
        class="react-calendar__month-view "
      >
        <div
          style="display: flex; align-items: flex-end;"
        >
          <div
            style="flex-grow: 1; width: 100%;"
          >
            <div
              class="react-calendar__month-view__weekdays"
              style="display: flex; flex-wrap: no-wrap;"
            >
              <div
                class="react-calendar__month-view__weekdays__weekday"
                style="flex-basis: 14.285714285714286%; max-width: 14.285714285714286%; overflow: hidden;"
              >
                <abbr
                  aria-label="Monday"
                  title="Monday"
                >
                  Mon
                </abbr>
              </div>
              <div
                class="react-calendar__month-view__weekdays__weekday"
                style="flex-basis: 14.285714285714286%; max-width: 14.285714285714286%; overflow: hidden;"
              >
                <abbr
                  aria-label="Tuesday"
                  title="Tuesday"
                >
                  Tue
                </abbr>
              </div>
              <div
                class="react-calendar__month-view__weekdays__weekday"
                style="flex-basis: 14.285714285714286%; max-width: 14.285714285714286%; overflow: hidden;"
              >
                <abbr
                  aria-label="Wednesday"
                  title="Wednesday"
                >
                  Wed
                </abbr>
              </div>
              <div
                class="react-calendar__month-view__weekdays__weekday"
                style="flex-basis: 14.285714285714286%; max-width: 14.285714285714286%; overflow: hidden;"
              >
                <abbr
                  aria-label="Thursday"
                  title="Thursday"
                >
                  Thu
                </abbr>
              </div>
              <div
                class="react-calendar__month-view__weekdays__weekday"
                style="flex-basis: 14.285714285714286%; max-width: 14.285714285714286%; overflow: hidden;"
              >
                <abbr
                  aria-label="Friday"
                  title="Friday"
                >
                  Fri
                </abbr>
              </div>
              <div
                class="react-calendar__month-view__weekdays__weekday"
                style="flex-basis: 14.285714285714286%; max-width: 14.285714285714286%; overflow: hidden;"
              >
                <abbr
                  aria-label="Saturday"
                  title="Saturday"
                >
                  Sat
                </abbr>
              </div>
              <div
                class="react-calendar__month-view__weekdays__weekday"
                style="flex-basis: 14.285714285714286%; max-width: 14.285714285714286%; overflow: hidden;"
              >
                <abbr
                  aria-label="Sunday"
                  title="Sunday"
                >
                  Sun
                </abbr>
              </div>
            </div>
            <div
              class="react-calendar__month-view__days"
              style="display: flex; flex-wrap: wrap;"
            >
              <button
                class="react-calendar__tile react-calendar__month-view__days__day react-calendar__month-view__days__day--neighboringMonth"
                style="flex-basis: 14.285714285714286%; max-width: 14.285714285714286%; overflow: hidden;"
                type="button"
              >
                <abbr
                  aria-label="December 30, 2019"
                >
                  30
                </abbr>
              </button>
              <button
                class="react-calendar__tile react-calendar__month-view__days__day react-calendar__month-view__days__day--neighboringMonth"
                style="flex-basis: 14.285714285714286%; max-width: 14.285714285714286%; overflow: hidden;"
                type="button"
              >
                <abbr
                  aria-label="December 31, 2019"
                >
                  31
                </abbr>
              </button>
              <button
                class="react-calendar__tile react-calendar__tile--active react-calendar__tile--rangeStart react-calendar__tile--rangeEnd react-calendar__tile--rangeBothEnds react-calendar__month-view__days__day"
                style="flex-basis: 14.285714285714286%; max-width: 14.285714285714286%; overflow: hidden;"
                type="button"
              >
                <abbr
                  aria-label="January 1, 2020"
                >
                  1
                </abbr>
              </button>
              <button
                class="react-calendar__tile react-calendar__month-view__days__day"
                style="flex-basis: 14.285714285714286%; max-width: 14.285714285714286%; overflow: hidden;"
                type="button"
              >
                <abbr
                  aria-label="January 2, 2020"
                >
                  2
                </abbr>
              </button>
              <button
                class="react-calendar__tile react-calendar__month-view__days__day"
                style="flex-basis: 14.285714285714286%; max-width: 14.285714285714286%; overflow: hidden;"
                type="button"
              >
                <abbr
                  aria-label="January 3, 2020"
                >
                  3
                </abbr>
              </button>
              <button
                class="react-calendar__tile react-calendar__month-view__days__day react-calendar__month-view__days__day--weekend"
                style="flex-basis: 14.285714285714286%; max-width: 14.285714285714286%; overflow: hidden;"
                type="button"
              >
                <abbr
                  aria-label="January 4, 2020"
                >
                  4
                </abbr>
              </button>
              <button
                class="react-calendar__tile react-calendar__month-view__days__day react-calendar__month-view__days__day--weekend"
                style="flex-basis: 14.285714285714286%; max-width: 14.285714285714286%; overflow: hidden;"
                type="button"
              >
                <abbr
                  aria-label="January 5, 2020"
                >
                  5
                </abbr>
              </button>
              <button
                class="react-calendar__tile react-calendar__month-view__days__day"
                style="flex-basis: 14.285714285714286%; max-width: 14.285714285714286%; overflow: hidden;"
                type="button"
              >
                <abbr
                  aria-label="January 6, 2020"
                >
                  6
                </abbr>
              </button>
              <button
                class="react-calendar__tile react-calendar__month-view__days__day"
                style="flex-basis: 14.285714285714286%; max-width: 14.285714285714286%; overflow: hidden;"
                type="button"
              >
                <abbr
                  aria-label="January 7, 2020"
                >
                  7
                </abbr>
              </button>
              <button
                class="react-calendar__tile react-calendar__month-view__days__day"
                style="flex-basis: 14.285714285714286%; max-width: 14.285714285714286%; overflow: hidden;"
                type="button"
              >
                <abbr
                  aria-label="January 8, 2020"
                >
                  8
                </abbr>
              </button>
              <button
                class="react-calendar__tile react-calendar__month-view__days__day"
                style="flex-basis: 14.285714285714286%; max-width: 14.285714285714286%; overflow: hidden;"
                type="button"
              >
                <abbr
                  aria-label="January 9, 2020"
                >
                  9
                </abbr>
              </button>
              <button
                class="react-calendar__tile react-calendar__month-view__days__day"
                style="flex-basis: 14.285714285714286%; max-width: 14.285714285714286%; overflow: hidden;"
                type="button"
              >
                <abbr
                  aria-label="January 10, 2020"
                >
                  10
                </abbr>
              </button>
              <button
                class="react-calendar__tile react-calendar__month-view__days__day react-calendar__month-view__days__day--weekend"
                style="flex-basis: 14.285714285714286%; max-width: 14.285714285714286%; overflow: hidden;"
                type="button"
              >
                <abbr
                  aria-label="January 11, 2020"
                >
                  11
                </abbr>
              </button>
              <button
                class="react-calendar__tile react-calendar__month-view__days__day react-calendar__month-view__days__day--weekend"
                style="flex-basis: 14.285714285714286%; max-width: 14.285714285714286%; overflow: hidden;"
                type="button"
              >
                <abbr
                  aria-label="January 12, 2020"
                >
                  12
                </abbr>
              </button>
              <button
                class="react-calendar__tile react-calendar__month-view__days__day"
                style="flex-basis: 14.285714285714286%; max-width: 14.285714285714286%; overflow: hidden;"
                type="button"
              >
                <abbr
                  aria-label="January 13, 2020"
                >
                  13
                </abbr>
              </button>
              <button
                class="react-calendar__tile react-calendar__month-view__days__day"
                style="flex-basis: 14.285714285714286%; max-width: 14.285714285714286%; overflow: hidden;"
                type="button"
              >
                <abbr
                  aria-label="January 14, 2020"
                >
                  14
                </abbr>
              </button>
              <button
                class="react-calendar__tile react-calendar__month-view__days__day"
                style="flex-basis: 14.285714285714286%; max-width: 14.285714285714286%; overflow: hidden;"
                type="button"
              >
                <abbr
                  aria-label="January 15, 2020"
                >
                  15
                </abbr>
              </button>
              <button
                class="react-calendar__tile react-calendar__month-view__days__day"
                style="flex-basis: 14.285714285714286%; max-width: 14.285714285714286%; overflow: hidden;"
                type="button"
              >
                <abbr
                  aria-label="January 16, 2020"
                >
                  16
                </abbr>
              </button>
              <button
                class="react-calendar__tile react-calendar__month-view__days__day"
                style="flex-basis: 14.285714285714286%; max-width: 14.285714285714286%; overflow: hidden;"
                type="button"
              >
                <abbr
                  aria-label="January 17, 2020"
                >
                  17
                </abbr>
              </button>
              <button
                class="react-calendar__tile react-calendar__month-view__days__day react-calendar__month-view__days__day--weekend"
                style="flex-basis: 14.285714285714286%; max-width: 14.285714285714286%; overflow: hidden;"
                type="button"
              >
                <abbr
                  aria-label="January 18, 2020"
                >
                  18
                </abbr>
              </button>
              <button
                class="react-calendar__tile react-calendar__month-view__days__day react-calendar__month-view__days__day--weekend"
                style="flex-basis: 14.285714285714286%; max-width: 14.285714285714286%; overflow: hidden;"
                type="button"
              >
                <abbr
                  aria-label="January 19, 2020"
                >
                  19
                </abbr>
              </button>
              <button
                class="react-calendar__tile react-calendar__month-view__days__day"
                style="flex-basis: 14.285714285714286%; max-width: 14.285714285714286%; overflow: hidden;"
                type="button"
              >
                <abbr
                  aria-label="January 20, 2020"
                >
                  20
                </abbr>
              </button>
              <button
                class="react-calendar__tile react-calendar__month-view__days__day"
                style="flex-basis: 14.285714285714286%; max-width: 14.285714285714286%; overflow: hidden;"
                type="button"
              >
                <abbr
                  aria-label="January 21, 2020"
                >
                  21
                </abbr>
              </button>
              <button
                class="react-calendar__tile react-calendar__month-view__days__day"
                style="flex-basis: 14.285714285714286%; max-width: 14.285714285714286%; overflow: hidden;"
                type="button"
              >
                <abbr
                  aria-label="January 22, 2020"
                >
                  22
                </abbr>
              </button>
              <button
                class="react-calendar__tile react-calendar__month-view__days__day"
                style="flex-basis: 14.285714285714286%; max-width: 14.285714285714286%; overflow: hidden;"
                type="button"
              >
                <abbr
                  aria-label="January 23, 2020"
                >
                  23
                </abbr>
              </button>
              <button
                class="react-calendar__tile react-calendar__month-view__days__day"
                style="flex-basis: 14.285714285714286%; max-width: 14.285714285714286%; overflow: hidden;"
                type="button"
              >
                <abbr
                  aria-label="January 24, 2020"
                >
                  24
                </abbr>
              </button>
              <button
                class="react-calendar__tile react-calendar__month-view__days__day react-calendar__month-view__days__day--weekend"
                style="flex-basis: 14.285714285714286%; max-width: 14.285714285714286%; overflow: hidden;"
                type="button"
              >
                <abbr
                  aria-label="January 25, 2020"
                >
                  25
                </abbr>
              </button>
              <button
                class="react-calendar__tile react-calendar__month-view__days__day react-calendar__month-view__days__day--weekend"
                style="flex-basis: 14.285714285714286%; max-width: 14.285714285714286%; overflow: hidden;"
                type="button"
              >
                <abbr
                  aria-label="January 26, 2020"
                >
                  26
                </abbr>
              </button>
              <button
                class="react-calendar__tile react-calendar__month-view__days__day"
                style="flex-basis: 14.285714285714286%; max-width: 14.285714285714286%; overflow: hidden;"
                type="button"
              >
                <abbr
                  aria-label="January 27, 2020"
                >
                  27
                </abbr>
              </button>
              <button
                class="react-calendar__tile react-calendar__month-view__days__day"
                style="flex-basis: 14.285714285714286%; max-width: 14.285714285714286%; overflow: hidden;"
                type="button"
              >
                <abbr
                  aria-label="January 28, 2020"
                >
                  28
                </abbr>
              </button>
              <button
                class="react-calendar__tile react-calendar__month-view__days__day"
                style="flex-basis: 14.285714285714286%; max-width: 14.285714285714286%; overflow: hidden;"
                type="button"
              >
                <abbr
                  aria-label="January 29, 2020"
                >
                  29
                </abbr>
              </button>
              <button
                class="react-calendar__tile react-calendar__month-view__days__day"
                style="flex-basis: 14.285714285714286%; max-width: 14.285714285714286%; overflow: hidden;"
                type="button"
              >
                <abbr
                  aria-label="January 30, 2020"
                >
                  30
                </abbr>
              </button>
              <button
                class="react-calendar__tile react-calendar__month-view__days__day"
                style="flex-basis: 14.285714285714286%; max-width: 14.285714285714286%; overflow: hidden;"
                type="button"
              >
                <abbr
                  aria-label="January 31, 2020"
                >
                  31
                </abbr>
              </button>
              <button
                class="react-calendar__tile react-calendar__month-view__days__day react-calendar__month-view__days__day--weekend react-calendar__month-view__days__day--neighboringMonth"
                style="flex-basis: 14.285714285714286%; max-width: 14.285714285714286%; overflow: hidden;"
                type="button"
              >
                <abbr
                  aria-label="February 1, 2020"
                >
                  1
                </abbr>
              </button>
              <button
                class="react-calendar__tile react-calendar__month-view__days__day react-calendar__month-view__days__day--weekend react-calendar__month-view__days__day--neighboringMonth"
                style="flex-basis: 14.285714285714286%; max-width: 14.285714285714286%; overflow: hidden;"
                type="button"
              >
                <abbr
                  aria-label="February 2, 2020"
                >
                  2
                </abbr>
              </button>
            </div>
          </div>
        </div>
      </div>
    </div>
  </div>
</div>
`;
