// Jest Snapshot v1, https://goo.gl/fbAQLP

exports[`Should render correct color 1`] = `"#e84c3d"`;
